============================= test session starts =============================
platform win32 -- Python 3.12.12, pytest-9.0.2, pluggy-1.6.0
rootdir: D:\Github\agentic-enterprise-rag-langgraph\backend
configfile: pyproject.toml
plugins: anyio-4.12.1, langsmith-0.7.20, asyncio-1.3.0
asyncio: mode=Mode.AUTO, debug=False, asyncio_default_fixture_loop_scope=None, asyncio_default_test_loop_scope=function
collected 31 items

tests\test_agent.py .FF                                                  [  9%]
tests\test_anonymizer.py ..F.....                                        [ 35%]
tests\test_api.py .........                                              [ 64%]
tests\test_cost_tracker.py .......                                       [ 87%]
tests\test_rag_pipeline.py EEEE                                          [100%]

=================================== ERRORS ====================================
_______________ ERROR at setup of test_rag_pipeline_happy_path ________________

mock_vector_store = <MagicMock id='2331226109712'>
mock_llm_provider = <MagicMock id='2331226181840'>
mock_cost_tracker = <MagicMock id='2331226276640'>

    @pytest.fixture
    def rag_pipeline(mock_vector_store, mock_llm_provider, mock_cost_tracker):
>       return RAGPipeline(
            vector_store=mock_vector_store,
            llm_provider=mock_llm_provider,
            cost_tracker=mock_cost_tracker
        )
E       TypeError: RAGPipeline.__init__() got an unexpected keyword argument 'llm_provider'

tests\test_rag_pipeline.py:35: TypeError
_______ ERROR at setup of test_rag_pipeline_unhappy_path_empty_results ________

mock_vector_store = <MagicMock id='2331226290176'>
mock_llm_provider = <MagicMock id='2331226314592'>
mock_cost_tracker = <MagicMock id='2331226392384'>

    @pytest.fixture
    def rag_pipeline(mock_vector_store, mock_llm_provider, mock_cost_tracker):
>       return RAGPipeline(
            vector_store=mock_vector_store,
            llm_provider=mock_llm_provider,
            cost_tracker=mock_cost_tracker
        )
E       TypeError: RAGPipeline.__init__() got an unexpected keyword argument 'llm_provider'

tests\test_rag_pipeline.py:35: TypeError
_______ ERROR at setup of test_rag_pipeline_unhappy_path_embed_failure ________

mock_vector_store = <MagicMock id='2331226403136'>
mock_llm_provider = <MagicMock id='2331226460128'>
mock_cost_tracker = <MagicMock id='2331226538304'>

    @pytest.fixture
    def rag_pipeline(mock_vector_store, mock_llm_provider, mock_cost_tracker):
>       return RAGPipeline(
            vector_store=mock_vector_store,
            llm_provider=mock_llm_provider,
            cost_tracker=mock_cost_tracker
        )
E       TypeError: RAGPipeline.__init__() got an unexpected keyword argument 'llm_provider'

tests\test_rag_pipeline.py:35: TypeError
________ ERROR at setup of test_rag_pipeline_unhappy_path_llm_failure _________

mock_vector_store = <MagicMock id='2331226399344'>
mock_llm_provider = <MagicMock id='2331226391136'>
mock_cost_tracker = <MagicMock id='2331226321600'>

    @pytest.fixture
    def rag_pipeline(mock_vector_store, mock_llm_provider, mock_cost_tracker):
>       return RAGPipeline(
            vector_store=mock_vector_store,
            llm_provider=mock_llm_provider,
            cost_tracker=mock_cost_tracker
        )
E       TypeError: RAGPipeline.__init__() got an unexpected keyword argument 'llm_provider'

tests\test_rag_pipeline.py:35: TypeError
================================== FAILURES ===================================
_______________ test_calculator_tool_unhappy_path_syntax_error ________________

    def test_calculator_tool_unhappy_path_syntax_error():
        """Test edge case where user provides invalid syntax."""
        res = calculator.invoke("15 * +")
>       assert "Error evaluating expression" in res
E       AssertionError: assert 'Error evaluating expression' in 'Calculation error: invalid syntax (<string>, line 1). Please check the expression.'

tests\test_agent.py:12: AssertionError
________________ test_calculator_tool_unhappy_path_unsafe_exec ________________

    def test_calculator_tool_unhappy_path_unsafe_exec():
        """Test edge case where user provides unsafe string."""
        res = calculator.invoke("__import__('os').system('ls')")
>       assert "Error evaluating expression" in res
E       assert 'Error evaluating expression' in "Calculation error: name '__import__' is not defined. Please check the expression."

tests\test_agent.py:17: AssertionError
_____________________ TestAnonymizer.test_anonymize_iban ______________________

self = <tests.test_anonymizer.TestAnonymizer object at 0x0000021EC535BF80>

    def test_anonymize_iban(self) -> None:
        """IBAN numbers should be redacted."""
        result = anonymize_text("IBAN: DE89 3704 0044 0532 0130 00")
>       assert "[IBAN_REDACTED]" in result.text
E       AssertionError: assert '[IBAN_REDACTED]' in 'IBAN: DE89 37[PHONE_REDACTED]0 00'
E        +  where 'IBAN: DE89 37[PHONE_REDACTED]0 00' = AnonymizationResult(text='IBAN: DE89 37[PHONE_REDACTED]0 00', detections=[{'type': 'phone', 'original': '04 0044 0532 013'}]).text

tests\test_anonymizer.py:26: AssertionError
=========================== short test summary info ===========================
FAILED tests/test_agent.py::test_calculator_tool_unhappy_path_syntax_error - ...
FAILED tests/test_agent.py::test_calculator_tool_unhappy_path_unsafe_exec - a...
FAILED tests/test_anonymizer.py::TestAnonymizer::test_anonymize_iban - Assert...
ERROR tests/test_rag_pipeline.py::test_rag_pipeline_happy_path - TypeError: R...
ERROR tests/test_rag_pipeline.py::test_rag_pipeline_unhappy_path_empty_results
ERROR tests/test_rag_pipeline.py::test_rag_pipeline_unhappy_path_embed_failure
ERROR tests/test_rag_pipeline.py::test_rag_pipeline_unhappy_path_llm_failure
=================== 3 failed, 24 passed, 4 errors in 18.37s ===================
